<html>
<body>
<pre>
<h1>µVision Build Log</h1>
<h2>Project:</h2>
C:\Storage\Tula\CortexM4Progect\CortexM4Progect\testPort\first.uvproj
Project File Date:  07/06/2019

<h2>Output:</h2>
Build target 'Target 1'
compiling system_stm32f4xx.c...
compiling title.c...
title.c(9): warning:  #117-D: non-void function "main" should return a value
title.c(10): warning:  #1-D: last line of file ends without a newline
linking...
Program Size: Code=880 RO-data=424 RW-data=20 ZI-data=1636  
FromELF: creating hex file...
"first.axf" - 0 Error(s), 2 Warning(s).
Build target 'Target 1'
compiling title.c...
title.c(9): warning:  #117-D: non-void function "main" should return a value
linking...
Program Size: Code=880 RO-data=424 RW-data=20 ZI-data=1636  
FromELF: creating hex file...
"first.axf" - 0 Error(s), 1 Warning(s).
Build target 'Target 1'
compiling title.c...
title.c(10): error:  #127: expected a statement
Target not created
Build target 'Target 1'
compiling title.c...
linking...
Program Size: Code=876 RO-data=424 RW-data=20 ZI-data=1636  
FromELF: creating hex file...
"first.axf" - 0 Error(s), 0 Warning(s).
