
Discarded input sections

 .text          0x00000000        0x0 ..\obj\startup_stm32f10x_md_vl.o
 .data          0x00000000        0x0 ..\obj\startup_stm32f10x_md_vl.o
 .bss           0x00000000        0x0 ..\obj\startup_stm32f10x_md_vl.o
 .text          0x00000000        0x0 ..\obj\core_cm3.o
 .data          0x00000000        0x0 ..\obj\core_cm3.o
 .bss           0x00000000        0x0 ..\obj\core_cm3.o
 .text.__get_PSP
                0x00000000       0x10 ..\obj\core_cm3.o
 .text.__set_PSP
                0x00000000        0x8 ..\obj\core_cm3.o
 .text.__get_MSP
                0x00000000       0x10 ..\obj\core_cm3.o
 .text.__set_MSP
                0x00000000        0x8 ..\obj\core_cm3.o
 .text.__get_BASEPRI
                0x00000000       0x20 ..\obj\core_cm3.o
 .text.__set_BASEPRI
                0x00000000       0x18 ..\obj\core_cm3.o
 .text.__get_PRIMASK
                0x00000000       0x20 ..\obj\core_cm3.o
 .text.__set_PRIMASK
                0x00000000       0x18 ..\obj\core_cm3.o
 .text.__get_FAULTMASK
                0x00000000       0x20 ..\obj\core_cm3.o
 .text.__set_FAULTMASK
                0x00000000       0x18 ..\obj\core_cm3.o
 .text.__get_CONTROL
                0x00000000       0x20 ..\obj\core_cm3.o
 .text.__set_CONTROL
                0x00000000       0x18 ..\obj\core_cm3.o
 .text.__REV    0x00000000       0x24 ..\obj\core_cm3.o
 .text.__REV16  0x00000000       0x24 ..\obj\core_cm3.o
 .text.__REVSH  0x00000000       0x24 ..\obj\core_cm3.o
 .text.__RBIT   0x00000000       0x24 ..\obj\core_cm3.o
 .text.__LDREXB
                0x00000000       0x24 ..\obj\core_cm3.o
 .text.__LDREXH
                0x00000000       0x24 ..\obj\core_cm3.o
 .text.__LDREXW
                0x00000000       0x24 ..\obj\core_cm3.o
 .text.__STREXB
                0x00000000       0x2c ..\obj\core_cm3.o
 .text.__STREXH
                0x00000000       0x2c ..\obj\core_cm3.o
 .text.__STREXW
                0x00000000       0x28 ..\obj\core_cm3.o
 .text          0x00000000        0x0 ..\obj\system_stm32f10x.o
 .data          0x00000000       0x14 ..\obj\system_stm32f10x.o
 .bss           0x00000000        0x0 ..\obj\system_stm32f10x.o
 .text.SystemCoreClockUpdate
                0x00000000       0xe4 ..\obj\system_stm32f10x.o
 .text          0x00000000        0x0 ..\obj\hd44780_driver.o
 .data          0x00000000        0x0 ..\obj\hd44780_driver.o
 .bss           0x00000000        0x0 ..\obj\hd44780_driver.o
 .text          0x00000000        0x0 ..\obj\stm32f10x_gpio.o
 .data          0x00000000        0x0 ..\obj\stm32f10x_gpio.o
 .bss           0x00000000        0x0 ..\obj\stm32f10x_gpio.o
 .text.GPIO_DeInit
                0x00000000      0x118 ..\obj\stm32f10x_gpio.o
 .text.GPIO_AFIODeInit
                0x00000000       0x20 ..\obj\stm32f10x_gpio.o
 .text.GPIO_Init
                0x00000000      0x1c0 ..\obj\stm32f10x_gpio.o
 .text.GPIO_StructInit
                0x00000000       0x2c ..\obj\stm32f10x_gpio.o
 .text.GPIO_ReadInputDataBit
                0x00000000       0x3c ..\obj\stm32f10x_gpio.o
 .text.GPIO_ReadInputData
                0x00000000       0x1c ..\obj\stm32f10x_gpio.o
 .text.GPIO_ReadOutputDataBit
                0x00000000       0x3c ..\obj\stm32f10x_gpio.o
 .text.GPIO_ReadOutputData
                0x00000000       0x1c ..\obj\stm32f10x_gpio.o
 .text.GPIO_SetBits
                0x00000000       0x1c ..\obj\stm32f10x_gpio.o
 .text.GPIO_ResetBits
                0x00000000       0x1c ..\obj\stm32f10x_gpio.o
 .text.GPIO_WriteBit
                0x00000000       0x30 ..\obj\stm32f10x_gpio.o
 .text.GPIO_Write
                0x00000000       0x1c ..\obj\stm32f10x_gpio.o
 .text.GPIO_PinLockConfig
                0x00000000       0x44 ..\obj\stm32f10x_gpio.o
 .text.GPIO_EventOutputConfig
                0x00000000       0x54 ..\obj\stm32f10x_gpio.o
 .text.GPIO_EventOutputCmd
                0x00000000       0x20 ..\obj\stm32f10x_gpio.o
 .text.GPIO_PinRemapConfig
                0x00000000      0x104 ..\obj\stm32f10x_gpio.o
 .text.GPIO_EXTILineConfig
                0x00000000       0x9c ..\obj\stm32f10x_gpio.o
 .text.GPIO_ETH_MediaInterfaceConfig
                0x00000000       0x1c ..\obj\stm32f10x_gpio.o
 .text          0x00000000        0x0 ..\obj\main.o
 .data          0x00000000        0x0 ..\obj\main.o
 .bss           0x00000000        0x0 ..\obj\main.o
 .text          0x00000000        0x0 ..\obj\stm32f10x_rcc.o
 .data          0x00000000       0x14 ..\obj\stm32f10x_rcc.o
 .bss           0x00000000        0x0 ..\obj\stm32f10x_rcc.o
 .text.RCC_DeInit
                0x00000000       0x64 ..\obj\stm32f10x_rcc.o
 .text.RCC_HSEConfig
                0x00000000       0x5c ..\obj\stm32f10x_rcc.o
 .text.RCC_WaitForHSEStartUp
                0x00000000       0x64 ..\obj\stm32f10x_rcc.o
 .text.RCC_AdjustHSICalibrationValue
                0x00000000       0x40 ..\obj\stm32f10x_rcc.o
 .text.RCC_HSICmd
                0x00000000       0x20 ..\obj\stm32f10x_rcc.o
 .text.RCC_PLLConfig
                0x00000000       0x44 ..\obj\stm32f10x_rcc.o
 .text.RCC_PLLCmd
                0x00000000       0x20 ..\obj\stm32f10x_rcc.o
 .text.RCC_PREDIV1Config
                0x00000000       0x48 ..\obj\stm32f10x_rcc.o
 .text.RCC_SYSCLKConfig
                0x00000000       0x3c ..\obj\stm32f10x_rcc.o
 .text.RCC_GetSYSCLKSource
                0x00000000       0x1c ..\obj\stm32f10x_rcc.o
 .text.RCC_HCLKConfig
                0x00000000       0x3c ..\obj\stm32f10x_rcc.o
 .text.RCC_PCLK1Config
                0x00000000       0x3c ..\obj\stm32f10x_rcc.o
 .text.RCC_PCLK2Config
                0x00000000       0x40 ..\obj\stm32f10x_rcc.o
 .text.RCC_ITConfig
                0x00000000       0x50 ..\obj\stm32f10x_rcc.o
 .text.RCC_USBCLKConfig
                0x00000000       0x1c ..\obj\stm32f10x_rcc.o
 .text.RCC_ADCCLKConfig
                0x00000000       0x3c ..\obj\stm32f10x_rcc.o
 .text.RCC_LSEConfig
                0x00000000       0x48 ..\obj\stm32f10x_rcc.o
 .text.RCC_LSICmd
                0x00000000       0x20 ..\obj\stm32f10x_rcc.o
 .text.RCC_RTCCLKConfig
                0x00000000       0x24 ..\obj\stm32f10x_rcc.o
 .text.RCC_RTCCLKCmd
                0x00000000       0x20 ..\obj\stm32f10x_rcc.o
 .text.RCC_GetClocksFreq
                0x00000000      0x17c ..\obj\stm32f10x_rcc.o
 .text.RCC_AHBPeriphClockCmd
                0x00000000       0x44 ..\obj\stm32f10x_rcc.o
 .text.RCC_APB1PeriphClockCmd
                0x00000000       0x44 ..\obj\stm32f10x_rcc.o
 .text.RCC_APB2PeriphResetCmd
                0x00000000       0x44 ..\obj\stm32f10x_rcc.o
 .text.RCC_APB1PeriphResetCmd
                0x00000000       0x44 ..\obj\stm32f10x_rcc.o
 .text.RCC_BackupResetCmd
                0x00000000       0x20 ..\obj\stm32f10x_rcc.o
 .text.RCC_ClockSecuritySystemCmd
                0x00000000       0x20 ..\obj\stm32f10x_rcc.o
 .text.RCC_MCOConfig
                0x00000000       0x20 ..\obj\stm32f10x_rcc.o
 .text.RCC_GetFlagStatus
                0x00000000       0x84 ..\obj\stm32f10x_rcc.o
 .text.RCC_ClearFlag
                0x00000000       0x1c ..\obj\stm32f10x_rcc.o
 .text.RCC_GetITStatus
                0x00000000       0x40 ..\obj\stm32f10x_rcc.o
 .text.RCC_ClearITPendingBit
                0x00000000       0x20 ..\obj\stm32f10x_rcc.o

Memory Configuration

Name             Origin             Length             Attributes
rom              0x08000000         0x00020000         xr
ram              0x20000000         0x00002000         xrw
*default*        0x00000000         0xffffffff

Linker script and memory map

                0x20002000                _eram = 0x20002000

.text           0x08000000      0x734
 *(.isr_vector .isr_vector.*)
 .isr_vector    0x08000000      0x124 ..\obj\startup_stm32f10x_md_vl.o
                0x08000000                g_pfnVectors
 *(.text .text.* .gnu.linkonce.t.*)
 .text.Default_Reset_Handler
                0x08000124       0x68 ..\obj\startup_stm32f10x_md_vl.o
                0x08000124                Default_Reset_Handler
                0x08000124                Reset_Handler
 .text.Default_Handler
                0x0800018c        0x8 ..\obj\startup_stm32f10x_md_vl.o
                0x0800018c                EXTI2_IRQHandler
                0x0800018c                DebugMon_Handler
                0x0800018c                TIM1_CC_IRQHandler
                0x0800018c                HardFault_Handler
                0x0800018c                SysTick_Handler
                0x0800018c                PVD_IRQHandler
                0x0800018c                PendSV_Handler
                0x0800018c                NMI_Handler
                0x0800018c                EXTI3_IRQHandler
                0x0800018c                EXTI0_IRQHandler
                0x0800018c                I2C2_EV_IRQHandler
                0x0800018c                TIM1_UP_TIM16_IRQHandler
                0x0800018c                UsageFault_Handler
                0x0800018c                SPI1_IRQHandler
                0x0800018c                TAMPER_IRQHandler
                0x0800018c                TIM6_DAC_IRQHandler
                0x0800018c                DMA1_Channel4_IRQHandler
                0x0800018c                ADC1_IRQHandler
                0x0800018c                USART3_IRQHandler
                0x0800018c                RTC_IRQHandler
                0x0800018c                DMA1_Channel7_IRQHandler
                0x0800018c                TIM4_IRQHandler
                0x0800018c                I2C1_EV_IRQHandler
                0x0800018c                DMA1_Channel6_IRQHandler
                0x0800018c                TIM3_IRQHandler
                0x0800018c                RCC_IRQHandler
                0x0800018c                DMA1_Channel1_IRQHandler
                0x0800018c                CEC_IRQHandler
                0x0800018c                EXTI15_10_IRQHandler
                0x0800018c                TIM7_IRQHandler
                0x0800018c                EXTI9_5_IRQHandler
                0x0800018c                SPI2_IRQHandler
                0x0800018c                MemManage_Handler
                0x0800018c                SVC_Handler
                0x0800018c                DMA1_Channel5_IRQHandler
                0x0800018c                EXTI4_IRQHandler
                0x0800018c                TIM1_TRG_COM_TIM17_IRQHandler
                0x0800018c                DMA1_Channel3_IRQHandler
                0x0800018c                WWDG_IRQHandler
                0x0800018c                TIM2_IRQHandler
                0x0800018c                EXTI1_IRQHandler
                0x0800018c                RTCAlarm_IRQHandler
                0x0800018c                USART2_IRQHandler
                0x0800018c                I2C2_ER_IRQHandler
                0x0800018c                DMA1_Channel2_IRQHandler
                0x0800018c                FLASH_IRQHandler
                0x0800018c                BusFault_Handler
                0x0800018c                USART1_IRQHandler
                0x0800018c                I2C1_ER_IRQHandler
                0x0800018c                TIM1_BRK_TIM15_IRQHandler
 .text.SystemInit
                0x08000194       0x70 ..\obj\system_stm32f10x.o
                0x08000194                SystemInit
 .text.SetSysClock
                0x08000204        0xc ..\obj\system_stm32f10x.o
 .text.SetSysClockTo24
                0x08000210       0xdc ..\obj\system_stm32f10x.o
 .text.lcd_delay
                0x080002ec       0x28 ..\obj\hd44780_driver.o
                0x080002ec                lcd_delay
 .text.lcd_init
                0x08000314       0x64 ..\obj\hd44780_driver.o
                0x08000314                lcd_init
 .text.lcd_set_user_char
                0x08000378       0x64 ..\obj\hd44780_driver.o
                0x08000378                lcd_set_user_char
 .text.lcd_set_xy
                0x080003dc       0x44 ..\obj\hd44780_driver.o
                0x080003dc                lcd_set_xy
 .text.lcd_out  0x08000420       0x30 ..\obj\hd44780_driver.o
                0x08000420                lcd_out
 .text.lcd_clear
                0x08000450       0x14 ..\obj\hd44780_driver.o
                0x08000450                lcd_clear
 .text.lcd_set_state
                0x08000464       0x78 ..\obj\hd44780_driver.o
                0x08000464                lcd_set_state
 .text.lcd_set_4bit_mode
                0x080004dc       0x84 ..\obj\hd44780_driver.o
                0x080004dc                lcd_set_4bit_mode
 .text.lcd_send
                0x08000560       0xf8 ..\obj\hd44780_driver.o
                0x08000560                lcd_send
 .text.main     0x08000658       0x88 ..\obj\main.o
                0x08000658                main
 .text.RCC_APB2PeriphClockCmd
                0x080006e0       0x44 ..\obj\stm32f10x_rcc.o
                0x080006e0                RCC_APB2PeriphClockCmd
 *(.glue_7t)
 .glue_7t       0x00000000        0x0 linker stubs
 *(.glue_7)
 .glue_7        0x00000000        0x0 linker stubs
 *(.rodata .rodata* .gnu.linkonce.r.*)
 .rodata        0x08000724       0x10 ..\obj\main.o

.vfp11_veneer   0x08000734        0x0
 .vfp11_veneer  0x00000000        0x0 linker stubs

.v4_bx          0x08000734        0x0
 .v4_bx         0x00000000        0x0 linker stubs

.ARM.extab
 *(.ARM.extab* .gnu.linkonce.armextab.*)

.ARM.exidx
 *(.ARM.exidx* .gnu.linkonce.armexidx.*)
                0x08000734                . = ALIGN (0x4)
                0x08000734                _etext = .
                0x08000734                _sidata = .

.data           0x20000000        0x0 load address 0x08000734
                0x20000000                _sdata = .
 *(.data .data.*)
                0x20000000                . = ALIGN (0x4)
                0x20000000                _edata = .

.bss            0x20000000        0x0
                0x20000000                _sbss = .
 *(.bss .bss.*)
 *(COMMON)
                0x20000000                . = ALIGN (0x4)
                0x20000000                _ebss = .

.co_stack       0x20000000      0x400
                0x20000000                . = ALIGN (0x8)
 *(.co_stack .co_stack.*)
 .co_stack      0x20000000      0x400 ..\obj\startup_stm32f10x_md_vl.o
                0x20000000                pulStack
                0x20000400                . = ALIGN (0x4)
                0x20000400                _end = .
LOAD ..\obj\startup_stm32f10x_md_vl.o
LOAD ..\obj\core_cm3.o
LOAD ..\obj\system_stm32f10x.o
LOAD ..\obj\hd44780_driver.o
LOAD ..\obj\stm32f10x_gpio.o
LOAD ..\obj\main.o
LOAD ..\obj\stm32f10x_rcc.o
START GROUP
LOAD c:/coocox/arm-2011.03-coocox/bin/../lib/gcc/arm-none-eabi/4.5.2/thumb2\libgcc.a
LOAD c:/coocox/arm-2011.03-coocox/bin/../lib/gcc/arm-none-eabi/4.5.2/../../../../arm-none-eabi/lib/thumb2\libc.a
END GROUP
OUTPUT(HD44780_test.elf elf32-littlearm)

.debug_abbrev   0x00000000      0x7f8
 .debug_abbrev  0x00000000       0xa3 ..\obj\startup_stm32f10x_md_vl.o
 .debug_abbrev  0x000000a3       0xd5 ..\obj\core_cm3.o
 .debug_abbrev  0x00000178      0x17e ..\obj\system_stm32f10x.o
 .debug_abbrev  0x000002f6      0x121 ..\obj\hd44780_driver.o
 .debug_abbrev  0x00000417      0x1a4 ..\obj\stm32f10x_gpio.o
 .debug_abbrev  0x000005bb       0xac ..\obj\main.o
 .debug_abbrev  0x00000667      0x191 ..\obj\stm32f10x_rcc.o

.debug_info     0x00000000     0x1fc3
 .debug_info    0x00000000      0x131 ..\obj\startup_stm32f10x_md_vl.o
 .debug_info    0x00000131      0x548 ..\obj\core_cm3.o
 .debug_info    0x00000679      0x433 ..\obj\system_stm32f10x.o
 .debug_info    0x00000aac      0x335 ..\obj\hd44780_driver.o
 .debug_info    0x00000de1      0x723 ..\obj\stm32f10x_gpio.o
 .debug_info    0x00001504      0x149 ..\obj\main.o
 .debug_info    0x0000164d      0x976 ..\obj\stm32f10x_rcc.o

.debug_line     0x00000000     0x1131
 .debug_line    0x00000000       0xa7 ..\obj\startup_stm32f10x_md_vl.o
 .debug_line    0x000000a7      0x276 ..\obj\core_cm3.o
 .debug_line    0x0000031d      0x206 ..\obj\system_stm32f10x.o
 .debug_line    0x00000523      0x296 ..\obj\hd44780_driver.o
 .debug_line    0x000007b9      0x357 ..\obj\stm32f10x_gpio.o
 .debug_line    0x00000b10      0x1a4 ..\obj\main.o
 .debug_line    0x00000cb4      0x47d ..\obj\stm32f10x_rcc.o

.debug_loc      0x00000000     0x1220
 .debug_loc     0x00000000       0x64 ..\obj\startup_stm32f10x_md_vl.o
 .debug_loc     0x00000064      0x3f0 ..\obj\core_cm3.o
 .debug_loc     0x00000454       0xc8 ..\obj\system_stm32f10x.o
 .debug_loc     0x0000051c      0x1d4 ..\obj\hd44780_driver.o
 .debug_loc     0x000006f0      0x3e4 ..\obj\stm32f10x_gpio.o
 .debug_loc     0x00000ad4       0x38 ..\obj\main.o
 .debug_loc     0x00000b0c      0x714 ..\obj\stm32f10x_rcc.o

.debug_pubnames
                0x00000000      0x737
 .debug_pubnames
                0x00000000       0x4a ..\obj\startup_stm32f10x_md_vl.o
 .debug_pubnames
                0x0000004a      0x159 ..\obj\core_cm3.o
 .debug_pubnames
                0x000001a3       0x61 ..\obj\system_stm32f10x.o
 .debug_pubnames
                0x00000204       0xa1 ..\obj\hd44780_driver.o
 .debug_pubnames
                0x000002a5      0x19d ..\obj\stm32f10x_gpio.o
 .debug_pubnames
                0x00000442       0x1b ..\obj\main.o
 .debug_pubnames
                0x0000045d      0x2da ..\obj\stm32f10x_rcc.o

.debug_aranges  0x00000000      0x370
 .debug_aranges
                0x00000000       0x28 ..\obj\startup_stm32f10x_md_vl.o
 .debug_aranges
                0x00000028       0xc8 ..\obj\core_cm3.o
 .debug_aranges
                0x000000f0       0x38 ..\obj\system_stm32f10x.o
 .debug_aranges
                0x00000128       0x60 ..\obj\hd44780_driver.o
 .debug_aranges
                0x00000188       0xa8 ..\obj\stm32f10x_gpio.o
 .debug_aranges
                0x00000230       0x20 ..\obj\main.o
 .debug_aranges
                0x00000250      0x120 ..\obj\stm32f10x_rcc.o

.debug_ranges   0x00000000      0x300
 .debug_ranges  0x00000000       0x18 ..\obj\startup_stm32f10x_md_vl.o
 .debug_ranges  0x00000018       0xb8 ..\obj\core_cm3.o
 .debug_ranges  0x000000d0       0x28 ..\obj\system_stm32f10x.o
 .debug_ranges  0x000000f8       0x50 ..\obj\hd44780_driver.o
 .debug_ranges  0x00000148       0x98 ..\obj\stm32f10x_gpio.o
 .debug_ranges  0x000001e0       0x10 ..\obj\main.o
 .debug_ranges  0x000001f0      0x110 ..\obj\stm32f10x_rcc.o

.debug_str      0x00000000      0xd68
 .debug_str     0x00000000       0xc1 ..\obj\startup_stm32f10x_md_vl.o
                                 0xe0 (size before relaxing)
 .debug_str     0x000000c1      0x1db ..\obj\core_cm3.o
                                0x22b (size before relaxing)
 .debug_str     0x0000029c      0x175 ..\obj\system_stm32f10x.o
                                0x233 (size before relaxing)
 .debug_str     0x00000411      0x174 ..\obj\hd44780_driver.o
                                0x233 (size before relaxing)
 .debug_str     0x00000585      0x391 ..\obj\stm32f10x_gpio.o
                                0x478 (size before relaxing)
 .debug_str     0x00000916       0x33 ..\obj\main.o
                                0x14a (size before relaxing)
 .debug_str     0x00000949      0x41f ..\obj\stm32f10x_rcc.o
                                0x5cc (size before relaxing)

.comment        0x00000000       0x11
 .comment       0x00000000       0x11 ..\obj\startup_stm32f10x_md_vl.o
                                 0x12 (size before relaxing)
 .comment       0x00000000       0x12 ..\obj\core_cm3.o
 .comment       0x00000000       0x12 ..\obj\system_stm32f10x.o
 .comment       0x00000000       0x12 ..\obj\hd44780_driver.o
 .comment       0x00000000       0x12 ..\obj\stm32f10x_gpio.o
 .comment       0x00000000       0x12 ..\obj\main.o
 .comment       0x00000000       0x12 ..\obj\stm32f10x_rcc.o

.ARM.attributes
                0x00000000       0x31
 .ARM.attributes
                0x00000000       0x31 ..\obj\startup_stm32f10x_md_vl.o
 .ARM.attributes
                0x00000031       0x31 ..\obj\core_cm3.o
 .ARM.attributes
                0x00000062       0x31 ..\obj\system_stm32f10x.o
 .ARM.attributes
                0x00000093       0x31 ..\obj\hd44780_driver.o
 .ARM.attributes
                0x000000c4       0x31 ..\obj\stm32f10x_gpio.o
 .ARM.attributes
                0x000000f5       0x31 ..\obj\main.o
 .ARM.attributes
                0x00000126       0x31 ..\obj\stm32f10x_rcc.o

.debug_frame    0x00000000      0xa4c
 .debug_frame   0x00000000       0x48 ..\obj\startup_stm32f10x_md_vl.o
 .debug_frame   0x00000048      0x280 ..\obj\core_cm3.o
 .debug_frame   0x000002c8       0x80 ..\obj\system_stm32f10x.o
 .debug_frame   0x00000348      0x120 ..\obj\hd44780_driver.o
 .debug_frame   0x00000468      0x210 ..\obj\stm32f10x_gpio.o
 .debug_frame   0x00000678       0x30 ..\obj\main.o
 .debug_frame   0x000006a8      0x3a4 ..\obj\stm32f10x_rcc.o

.debug_pubtypes
                0x00000000      0x2ac
 .debug_pubtypes
                0x00000000       0x50 ..\obj\core_cm3.o
 .debug_pubtypes
                0x00000050       0x55 ..\obj\system_stm32f10x.o
 .debug_pubtypes
                0x000000a5       0x7b ..\obj\hd44780_driver.o
 .debug_pubtypes
                0x00000120       0xc3 ..\obj\stm32f10x_gpio.o
 .debug_pubtypes
                0x000001e3       0x2b ..\obj\main.o
 .debug_pubtypes
                0x0000020e       0x9e ..\obj\stm32f10x_rcc.o
